49162828 | READER_22420 | START
49162828 | READER_22420 | WAIT_READ | PAGE 3
49162934 | READER_22420 | WAIT_READ | PAGE 4
49163046 | READER_22420 | WAIT_READ | PAGE 5
49163157 | READER_22420 | WAIT_READ | PAGE 6
49163269 | READER_22420 | WAIT_READ | PAGE 7
49163381 | READER_22420 | WAIT_READ | PAGE 8
49163493 | READER_22420 | WAIT_READ | PAGE 0
49163605 | READER_22420 | WAIT_READ | PAGE 1
49163621 | READER_22420 | READING | PAGE 1
49165026 | READER_22420 | RELEASE | PAGE 1
49165026 | READER_22420 | WAIT_READ | PAGE 2
49165138 | READER_22420 | WAIT_READ | PAGE 3
49165138 | READER_22420 | READING | PAGE 3
49165747 | READER_22420 | RELEASE | PAGE 3
49165747 | READER_22420 | WAIT_READ | PAGE 4
49165747 | READER_22420 | READING | PAGE 4
49166933 | READER_22420 | RELEASE | PAGE 4
49166933 | READER_22420 | WAIT_READ | PAGE 5
49166933 | READER_22420 | READING | PAGE 5
49167620 | READER_22420 | RELEASE | PAGE 5
49167620 | READER_22420 | WAIT_READ | PAGE 6
49167620 | READER_22420 | READING | PAGE 6
49168229 | READER_22420 | LAST_READER | PAGE 6
49168229 | READER_22420 | RELEASE | PAGE 6
49168229 | READER_22420 | WAIT_READ | PAGE 7
49168229 | READER_22420 | READING | PAGE 7
49169462 | READER_22420 | RELEASE | PAGE 7
49169462 | READER_22420 | WAIT_READ | PAGE 8
49170214 | READER_22420 | READING | PAGE 8
49170918 | READER_22420 | RELEASE | PAGE 8
49170918 | READER_22420 | WAIT_READ | PAGE 0
49172005 | READER_22420 | READING | PAGE 0
49173332 | READER_22420 | LAST_READER | PAGE 0
49173332 | READER_22420 | RELEASE | PAGE 0
49173332 | READER_22420 | WAIT_READ | PAGE 1
49174002 | READER_22420 | READING | PAGE 1
49174671 | READER_22420 | RELEASE | PAGE 1
49174671 | READER_22420 | WAIT_READ | PAGE 2
49174752 | READER_22420 | READING | PAGE 2
49175976 | READER_22420 | LAST_READER | PAGE 2
49175976 | READER_22420 | RELEASE | PAGE 2
49175976 | READER_22420 | WAIT_READ | PAGE 3
49176833 | READER_22420 | READING | PAGE 3
49177361 | READER_22420 | RELEASE | PAGE 3
49177361 | READER_22420 | WAIT_READ | PAGE 4
49177665 | READER_22420 | READING | PAGE 4
49179137 | READER_22420 | RELEASE | PAGE 4
49179137 | READER_22420 | WAIT_READ | PAGE 5
49179266 | READER_22420 | READING | PAGE 5
49180146 | READER_22420 | LAST_READER | PAGE 5
49180146 | READER_22420 | RELEASE | PAGE 5
49180146 | READER_22420 | WAIT_READ | PAGE 6
49180146 | READER_22420 | READING | PAGE 6
49181316 | READER_22420 | LAST_READER | PAGE 6
49181316 | READER_22420 | RELEASE | PAGE 6
49181316 | READER_22420 | WAIT_READ | PAGE 7
49181316 | READER_22420 | READING | PAGE 7
49182324 | READER_22420 | LAST_READER | PAGE 7
49182324 | READER_22420 | RELEASE | PAGE 7
49182324 | READER_22420 | WAIT_READ | PAGE 8
49182324 | READER_22420 | READING | PAGE 8
49183607 | READER_22420 | LAST_READER | PAGE 8
49183607 | READER_22420 | RELEASE | PAGE 8
49183607 | READER_22420 | WAIT_READ | PAGE 0
49183607 | READER_22420 | READING | PAGE 0
49184616 | READER_22420 | LAST_READER | PAGE 0
49184616 | READER_22420 | RELEASE | PAGE 0
49184616 | READER_22420 | WAIT_READ | PAGE 1
49185093 | READER_22420 | READING | PAGE 1
49185894 | READER_22420 | LAST_READER | PAGE 1
49185894 | READER_22420 | RELEASE | PAGE 1
49185894 | READER_22420 | WAIT_READ | PAGE 2
49185894 | READER_22420 | READING | PAGE 2
49186566 | READER_22420 | RELEASE | PAGE 2
49186566 | READER_22420 | WAIT_READ | PAGE 3
49186566 | READER_22420 | READING | PAGE 3
49187238 | READER_22420 | RELEASE | PAGE 3
49187238 | READER_22420 | WAIT_READ | PAGE 4
49187687 | READER_22420 | READING | PAGE 4
49188294 | READER_22420 | RELEASE | PAGE 4
49188294 | READER_22420 | WAIT_READ | PAGE 5
49188678 | READER_22420 | READING | PAGE 5
49190070 | READER_22420 | LAST_READER | PAGE 5
49190070 | READER_22420 | RELEASE | PAGE 5
49190070 | READER_22420 | WAIT_READ | PAGE 6
49190070 | READER_22420 | READING | PAGE 6
49190711 | READER_22420 | RELEASE | PAGE 6
49190711 | READER_22420 | WAIT_READ | PAGE 7
49190711 | READER_22420 | READING | PAGE 7
49191896 | READER_22420 | LAST_READER | PAGE 7
49191896 | READER_22420 | RELEASE | PAGE 7
49191896 | READER_22420 | WAIT_READ | PAGE 8
49191896 | READER_22420 | READING | PAGE 8
49193356 | READER_22420 | LAST_READER | PAGE 8
49193358 | READER_22420 | RELEASE | PAGE 8
49193358 | READER_22420 | WAIT_READ | PAGE 0
49193358 | READER_22420 | READING | PAGE 0
49194124 | READER_22420 | LAST_READER | PAGE 0
49194124 | READER_22420 | RELEASE | PAGE 0
49194124 | READER_22420 | WAIT_READ | PAGE 1
49194124 | READER_22420 | READING | PAGE 1
49195148 | READER_22420 | LAST_READER | PAGE 1
49195148 | READER_22420 | RELEASE | PAGE 1
49195148 | READER_22420 | WAIT_READ | PAGE 2
49195148 | READER_22420 | READING | PAGE 2
49196635 | READER_22420 | LAST_READER | PAGE 2
49196635 | READER_22420 | RELEASE | PAGE 2
49196635 | READER_22420 | WAIT_READ | PAGE 3
49196635 | READER_22420 | READING | PAGE 3
49197147 | READER_22420 | RELEASE | PAGE 3
49197147 | READER_22420 | WAIT_READ | PAGE 4
49197147 | READER_22420 | READING | PAGE 4
49198377 | READER_22420 | RELEASE | PAGE 4
49198377 | READER_22420 | WAIT_READ | PAGE 5
49198377 | READER_22420 | READING | PAGE 5
49199754 | READER_22420 | RELEASE | PAGE 5
49199754 | READER_22420 | WAIT_READ | PAGE 6
49199754 | READER_22420 | WAIT_READ | PAGE 7
49199754 | READER_22420 | READING | PAGE 7
49201162 | READER_22420 | RELEASE | PAGE 7
49201162 | READER_22420 | WAIT_READ | PAGE 8
49201162 | READER_22420 | WAIT_READ | PAGE 0
49201162 | READER_22420 | READING | PAGE 0
49202522 | READER_22420 | RELEASE | PAGE 0
49202522 | READER_22420 | WAIT_READ | PAGE 1
49202522 | READER_22420 | WAIT_READ | PAGE 2
49202522 | READER_22420 | WAIT_READ | PAGE 3
49202522 | READER_22420 | WAIT_READ | PAGE 4
49202522 | READER_22420 | WAIT_READ | PAGE 5
49202522 | READER_22420 | WAIT_READ | PAGE 6
49202522 | READER_22420 | WAIT_READ | PAGE 7
49202554 | READER_22420 | READING | PAGE 7
49203816 | READER_22420 | RELEASE | PAGE 7
49203816 | READER_22420 | WAIT_READ | PAGE 8
49203816 | READER_22420 | WAIT_READ | PAGE 0
49203816 | READER_22420 | WAIT_READ | PAGE 1
49203816 | READER_22420 | WAIT_READ | PAGE 2
49203816 | READER_22420 | WAIT_READ | PAGE 3
49203816 | READER_22420 | WAIT_READ | PAGE 4
49203816 | READER_22420 | WAIT_READ | PAGE 5
49203821 | READER_22420 | WAIT_READ | PAGE 6
49203928 | READER_22420 | WAIT_READ | PAGE 7
49203928 | READER_22420 | READING | PAGE 7
49205367 | READER_22420 | RELEASE | PAGE 7
49205367 | READER_22420 | WAIT_READ | PAGE 8
49205479 | READER_22420 | WAIT_READ | PAGE 0
49205480 | READER_22420 | WAIT_READ | PAGE 1
49205591 | READER_22420 | WAIT_READ | PAGE 2
49205702 | READER_22420 | WAIT_READ | PAGE 3
49205814 | READER_22420 | WAIT_READ | PAGE 4
49205926 | READER_22420 | WAIT_READ | PAGE 5
49206038 | READER_22420 | WAIT_READ | PAGE 6
49206150 | READER_22420 | WAIT_READ | PAGE 7
49206150 | READER_22420 | READING | PAGE 7
49207645 | READER_22420 | RELEASE | PAGE 7
49207645 | READER_22420 | WAIT_READ | PAGE 8
49207757 | READER_22420 | WAIT_READ | PAGE 0
49207870 | READER_22420 | WAIT_READ | PAGE 1
49207982 | READER_22420 | WAIT_READ | PAGE 2
49208094 | READER_22420 | WAIT_READ | PAGE 3
49208206 | READER_22420 | WAIT_READ | PAGE 4
49208317 | READER_22420 | WAIT_READ | PAGE 5
49208429 | READER_22420 | WAIT_READ | PAGE 6
49208542 | READER_22420 | WAIT_READ | PAGE 7
49208542 | READER_22420 | READING | PAGE 7
49209662 | READER_22420 | RELEASE | PAGE 7
49209662 | READER_22420 | WAIT_READ | PAGE 8
49209775 | READER_22420 | WAIT_READ | PAGE 0
49209887 | READER_22420 | WAIT_READ | PAGE 1
49209999 | READER_22420 | WAIT_READ | PAGE 2
49210111 | READER_22420 | WAIT_READ | PAGE 3
49210223 | READER_22420 | WAIT_READ | PAGE 4
49210335 | READER_22420 | WAIT_READ | PAGE 5
49210447 | READER_22420 | WAIT_READ | PAGE 6
49210559 | READER_22420 | WAIT_READ | PAGE 7
49210559 | READER_22420 | READING | PAGE 7
49211901 | READER_22420 | RELEASE | PAGE 7
49211901 | READER_22420 | WAIT_READ | PAGE 8
49212013 | READER_22420 | WAIT_READ | PAGE 0
49212124 | READER_22420 | WAIT_READ | PAGE 1
49212237 | READER_22420 | WAIT_READ | PAGE 2
49212349 | READER_22420 | WAIT_READ | PAGE 3
49212461 | READER_22420 | WAIT_READ | PAGE 4
49212573 | READER_22420 | WAIT_READ | PAGE 5
49212685 | READER_22420 | WAIT_READ | PAGE 6
49212799 | READER_22420 | WAIT_READ | PAGE 7
49212799 | READER_22420 | READING | PAGE 7
49213406 | READER_22420 | RELEASE | PAGE 7
49213406 | READER_22420 | WAIT_READ | PAGE 8
49213517 | READER_22420 | WAIT_READ | PAGE 0
49213629 | READER_22420 | WAIT_READ | PAGE 1
49213740 | READER_22420 | WAIT_READ | PAGE 2
49213852 | READER_22420 | WAIT_READ | PAGE 3
49213964 | READER_22420 | WAIT_READ | PAGE 4
49214076 | READER_22420 | WAIT_READ | PAGE 5
49214187 | READER_22420 | WAIT_READ | PAGE 6
49214299 | READER_22420 | WAIT_READ | PAGE 7
49214299 | READER_22420 | READING | PAGE 7
49214988 | READER_22420 | RELEASE | PAGE 7
49214988 | READER_22420 | WAIT_READ | PAGE 8
49215098 | READER_22420 | WAIT_READ | PAGE 0
49215211 | READER_22420 | WAIT_READ | PAGE 1
49215322 | READER_22420 | WAIT_READ | PAGE 2
49215434 | READER_22420 | WAIT_READ | PAGE 3
49215546 | READER_22420 | WAIT_READ | PAGE 4
49215658 | READER_22420 | WAIT_READ | PAGE 5
49215769 | READER_22420 | WAIT_READ | PAGE 6
49215880 | READER_22420 | FINISHED
